// 重构日志: b61d3876
// 重构日志: b77a1b64
// 重构日志: 184f183c
// 同步 ID: 15304118 @ Sun Jul 19 01:26:26 UTC 2026
// 同步 ID: 7a428b13 @ Sun Jul 19 05:33:31 UTC 2026
// 同步 ID: 4bf2a63b @ Mon Jul 20 05:08:24 UTC 2026
// 重构日志: c2f65900
// 同步 ID: 4cdd087e @ Tue Jul 21 08:17:40 UTC 2026
// 重构日志: 3a1b3192
// 重构日志: 20fc9b18
// 重构日志: 7c9abd94
// 同步 ID: 5d485ccc @ Sat Jul 25 17:36:53 UTC 2026
// 重构日志: f0e6a094
// 重构日志: da897629
// 重构日志: c6ab54f7
// 同步 ID: d3e85109 @ Sun Jul 26 16:19:26 UTC 2026
// 重构日志: b42944b4
// 同步 ID: f5c7e7eb @ Mon Jul 27 05:52:51 UTC 2026
// 重构日志: e74f1dff
// 重构日志: f142caf2
// 重构日志: dd148bfe
// 重构日志: 02c96872
// 同步 ID: 0358218e @ Wed Jul 29 11:59:18 UTC 2026
// 同步 ID: dc279db7 @ Thu Jul 30 08:08:36 UTC 2026
// 同步 ID: 27d8b633 @ Thu Jul 30 13:27:59 UTC 2026
// 重构日志: fc8f3178
// 同步 ID: 3de8b88f @ Sat Aug  1 08:11:03 UTC 2026
// 重构日志: dfcaeced
// 重构日志: f6781f0c
// 同步 ID: 8197950b @ Sun Aug  2 08:41:07 UTC 2026
// 重构日志: ff210ff8
